// Jest Snapshot v1, https://goo.gl/fbAQLP

exports[`render should render 1`] = `
<div
  className="switch"
>
  <div
    className="route"
    component={[Function]}
    exact={true}
    path="/"
  />
  <div
    className="route"
    component={[Function]}
    exact={true}
    path="/survey"
  />
  <div
    className="route"
    component={[Function]}
    exact={true}
    path="*"
  />
</div>
`;
